   1 Tamil Nadu  Gvmc, Villupuram                           gmcvillupuram.ac.in(45741)
   3 Tamil Nadu  Govt. Dharamapuri Med Coll, Dharmapuri     dharmapurimedicalcollege.in(52088)
   7 Tamil Nadu  Government Medical College, Tiruppur       gmchtiruppur.ac.in(53028), tiruppurmedicalcollege.in(53028)
  10 Tamil Nadu  Government Medical College, Nilgiris       gmchnilgiris.ac.in(61905), nilgirismedicalcollege.com(61905)
  13 Tamil Nadu  Govt. Medical College Karur                karurgmc.ac.in(85257)
  15 Andhra Prad Rims, Ongole                               gmcongole.org(102392)
  18 Tamil Nadu  Government Medical College, Dindigul       gmcdindigul.ac.in(366943)
  20 Tamil Nadu  Government Medical College, Namakkal       namakkalmedicalcollege.in(49776)
  24 Tamil Nadu  Government Medical College, Krishnagiri    gmckrishnagiri.ac.in(54621), gmckrishnagiri.org(136639)
  28 Telangana   Government Medical College, Nizamabad      mcnizamabad.in(11844)
  30 Tamil Nadu  Government Medical College, Ariyalur       ariyalurmedicalcollege.in(61015)
  34 Tamil Nadu  Government Medical College, Kallakurichi   gmckallakurichi.ac.in(62137)
  46 Maharashtra Government Medical College, Nashik         gmcnashik.in(73485)
  51 Maharashtra Govt Medical College Baramati              baramatimc.org(214965), gmcbaramati.org(197780)
  56 West Bengal Burdwan Medical College, Burdwan           burdwanmedicalcollege.org(14234)
  60 Maharashtra Government Medical College, Miraj          gmcmiraj.edu.in(367065)
  61 West Bengal North Bengal Med.Coll, Darjeeling          mcnorth.com(43615), northmc.com(11932)
  65 West Bengal Diamond Harbour Govt Medical College, New  mcdiamond.com(11980)
  67 Maharashtra Goverment Medical College Nandurbar Mahara gmcnandurbar.com(142773)
  71 Maharashtra Sh Vasant Rao Naik Govt.M.C., Yavatmal     yavatmalmc.org(48796)
  75 Assam       Jorhat Medical College And Hospital, Jorha jorhatmedicalcollege.in(74257)
  77 Maharashtra Govt. Medical College And Hospital, Chandr chandrapurmc.org(36244), gmcchandrapur.org(94341)
  78 Jharkhand   Sheikh Bhikhari Medical College & Hospital hazaribagmedicalcollege.org(77164)
  79 Chhattisgar Lt. L A M Govt. Medical College, Raigarh   gmcraigarh.edu.in(16388)
  80 Maharashtra Government Medical College And District Ge gmcratnagiri.in(167322)
  82 Manipur     Regional Inst Of Medical Sci, Imphal       regionalmc.org(87979), mcregional.com(5403)
  83 Maharashtra Government Medical College, Latur          mclatur.in(74678), mclatur.org(210115), gmclatur.org(5607)
  87 Maharashtra Government Medical College, Bhandara       gmcbhandara.edu.in(250911)
  92 Chhattisgar Government Medical College, Kanker         gmckanker.in(167083)
  93 Maharashtra Government Medical College, Akola          gmcakola.in(47590), akolamc.in(153325)
  94 Himachal Pr Pt. Jawahar Lal Nehru Govt. Med. College,  gmcchamba.edu.in(136006), mcchamba.in(85462)
  97 Rajasthan   Govt Medical College Barmer Rajasthan      rajasthanmc.in(32012)
 101 Rajasthan   Government Medical College Chittorgarh, Go chittorgarhmc.com(4965)
 104 Uttarakhand Government Medical College, Haridwar       gmcharidwar.com(91714)
 109 Madhya Prad Govt Medical College Ratlam, Gram Banjali  gmcratlam.org(73971)
 110 Rajasthan   Govt. Medical College, Sirohi (Rajasthan)  rajasthanmc.in(32012)
 111 Rajasthan   Government Medical College, Bundi          gmcbundi.in(124870)
 116 Madhya Prad Govt Medical College Shivpuri, Near Katha  shivpurimedicalcollege.com(26477)
 118 Jammu And K Govt. Medical College, Udhampur            gmcudhampur.in(114985)
 119 Bihar       Government Medical College Purnea          gmchpurnea.org(20751), gmchpurnea.com(63308)
 123 Jammu And K Government Medical College, Kathua         gmckathua.in(361271)
 124 Madhya Prad Govt. Medical College, Khandwa             gmckhandwa.org(67289)
 125 Jammu And K Government Medical College, Anantnag J&K   gmcanantnag.ac.in(378656)
 127 Jammu And K Government Medical College, Baramulla      gmcbaramulla.ac.in(93771)
 128 Bihar       Goverment Medical College, Bettiah         gmcbettiah.org(3446)
 131 Jammu And K Government Medical College, Anantnag       gmcanantnag.ac.in(378656)
 132 Madhya Prad Government Medical College, Seoni          gmcseoni.org(345299), gmcseoni.edu.in(65011)
 134 Madhya Prad Chhindwara Institute Of Medical Sciences,  colonymc.com(43661)
 135 Madhya Prad Goverment Medical College, Datia           datiamedicalcollege.com(131850), datiamedicalcollege.edu.in(131850)
