  1      Tamil Nadu  Gvmc, Villupuram                         no reachable site among candidates
  2      Telangana   Government Medical College Suryapet      no reachable site among candidates
  3      Tamil Nadu  Govt. Dharamapuri Med Coll, Dharmapuri   https://dharmapurimedicalcollege.in
  4      Tamil Nadu  Irt Perundurai Medical College, Perundur no reachable site among candidates
  5      Andhra Prad Sri Venkateswara Medical College, Tirupa no reachable site among candidates
  6      Puducherry  Indira Gandhi Medical College & Ri, Pudu no reachable site among candidates
  7 hot  Tamil Nadu  Government Medical College, Tiruppur     https://gmchtiruppur.ac.in
      hot [Student Merit List] https://tiruppurmedicalcollege.in/page/student-merit-list
  8      Karnataka   Hassan Inst. Medical Sciences, Hassan    no reachable site among candidates
  9      Telangana   Kakatiya Medical College Warangal        no reachable site among candidates
 10      Tamil Nadu  Government Medical College, Nilgiris     https://nilgirismedicalcollege.com
 11      Karnataka   Shimoga Inst. Of Medical Sci., Shimoga   no reachable site among candidates
 12      Tamil Nadu  Govt. Sivgangai M. C. Sivagangai         no reachable site among candidates
 13      Tamil Nadu  Govt. Medical College Karur              https://karurgmc.ac.in
 14      Andhra Prad Siddartha Medical College, Vijayawada    no reachable site among candidates
 15      Andhra Prad Rims, Ongole                             https://gmcongole.org
 16      Tamil Nadu  Thiruvannamalai Mc, Thiruvannamalai      no reachable site among candidates
 17      Tamil Nadu  Rajah Muthiah Medical College, Annamalai no reachable site among candidates
 18      Tamil Nadu  Government Medical College, Dindigul     no reachable site among candidates
 19      Karnataka   Esic Medical College, Gulbarga           no reachable site among candidates
 20      Tamil Nadu  Government Medical College, Namakkal     no reachable site among candidates
 21      Telangana   Government Medical College, Quthbullapur no reachable site among candidates
 22      Tamil Nadu  Gtmc, Thiruvarur                         no reachable site among candidates
 23      Karnataka   Gulbarga Institute Of Medical Sciences,  no reachable site among candidates
 24      Tamil Nadu  Government Medical College, Krishnagiri  https://gmckrishnagiri.org
 25      Tamil Nadu  Government Medical College               no reachable site among candidates
 26      Karnataka   Vijaynagar Inst Of Med. Sc, Bellary      no reachable site among candidates
 27      Tamil Nadu  Govt. Pudukkottai Medical College Hopt., no reachable site among candidates
 28      Telangana   Government Medical College, Nizamabad    no reachable site among candidates
 29      Karnataka   Gadag Institute Of Medical Sciences, Gad no reachable site among candidates
 30      Tamil Nadu  Government Medical College, Ariyalur     no reachable site among candidates
 31      Tamil Nadu  Government Medical College, Ramanathapur no reachable site among candidates
 32      Andhra Prad Government Medical College, Ananthapuram no reachable site among candidates
 33      Karnataka   Bidar Institute Of Medical Sci., Bidar   no reachable site among candidates
 34      Tamil Nadu  Government Medical College, Kallakurichi no reachable site among candidates
 35      Andaman & N Andaman And Nicobar Islands Institute Of no reachable site among candidates
 36      Karnataka   Kodagu Institute Of Medical Sciences, Ko no reachable site among candidates
 37      Tamil Nadu  Government Medical College, Nagapattinam no reachable site among candidates
 38      Karnataka   Haveri Institute Of Medical Sciences, Ka no reachable site among candidates
 39      Karnataka   C. Institute Of Medical Sciences         no reachable site among candidates
 40      Andhra Prad Acsr Govt Medical College, Nellore       no reachable site among candidates
 41      Karnataka   Chikkaballapura Institute Of Medical Sci no reachable site among candidates
 42      Karnataka   Karwar Institute Of Medical Sciences, Ka no reachable site among candidates
 43      Andhra Prad Svims - Sri Padmavathi Medical College F no reachable site among candidates
 44      Telangana   Rajiv Gandhi Institute Medical Sce Of Ad no reachable site among candidates
 45      Karnataka   Raichur Inst. Of Medical Sci., Raichur   no reachable site among candidates
 46 DOC! Maharashtra Government Medical College, Nashik       https://gmcnashik.in
      hot [Scholarship] https://gmcnashik.in/documents/SCHOLERSHIP_STUDENT_LIST_2024_25_And_2025_26.pdf
      DOC {"url": "https://gmcnashik.in/documents/SCHOLERSHIP_STUDENT_LIST_2024_25_And_2025_26.pdf", "status": "OK", "kind": "pdf", "bytes": 37571, "name_header": true, "name_header_text": "Student Name", "roster_rows_es
 47      DNH & DD    Namo Medical Education & Research Instit no reachable site among candidates
 48      West Bengal Sagar Dutta Medical College & Hospital,  no reachable site among candidates
 49      Odisha      Sri Jagannath Medical College & Hospital no reachable site among candidates
 50      Odisha      Saheed Laxman Nayak Med. College And Hos no reachable site among candidates
 51      Maharashtra Govt Medical College Baramati            https://baramatimc.org
 52      Jharkhand   Shaheed Nirmal Mahto Medical College & H no reachable site among candidates
 53      West Bengal Esic Pgimsr, Joka                        no reachable site among candidates
 54      Chhattisgar Chhattisgarh Institute Of Medical Scienc no reachable site among candidates
 55      Maharashtra Mg Inst. Of Medical Sciences, Sevagram W no reachable site among candidates
 56      West Bengal Burdwan Medical College, Burdwan         https://burdwanmedicalcollege.org
 57      Jharkhand   Medinirai Medical College (Previously Kn no reachable site among candidates
 58      Maharashtra Dr. Vaishampayam Memorial M.C., Sholapur no reachable site among candidates
 59      Gujarat     Gmers Medical College                    no reachable site among candidates
 60 hot  Maharashtra Government Medical College, Miraj        https://gmcmiraj.edu.in
      hot [Student Corner] https://gmcmiraj.edu.in/node/505
 61      West Bengal North Bengal Med.Coll, Darjeeling        https://mcnorth.com
 62      Gujarat     Gmers Medical College, Morbi             no reachable site among candidates
 63      Meghalaya   Neigrihms, Shillong                      no reachable site among candidates
 64      West Bengal College Of Medicine And Jnm Hospital, Ka no reachable site among candidates
 65      West Bengal Diamond Harbour Govt Medical College, Ne https://mcdiamond.com
 66      Chhattisgar Chandulal Chandrakar Memorial Government no reachable site among candidates
 67      Maharashtra Goverment Medical College Nandurbar Maha https://gmcnandurbar.com
 68      Maharashtra Rajarshee Chhatrapati Shahu Maharaj Gove no reachable site among candidates
 69      Chhattisgar Lt. B R K Government Medical College, Ja no reachable site among candidates
 70      Maharashtra Dr.S.C.Govt Medical College, Nanded      no reachable site among candidates
 71      Maharashtra Sh Vasant Rao Naik Govt.M.C., Yavatmal   https://yavatmalmc.org
 72      Assam       Assam Medical College, Dibrugarh         no reachable site among candidates
 73      Odisha      Government Of Medical College And Hospit no reachable site among candidates
 74      West Bengal Barasat Government Medical College & Hos no reachable site among candidates
 75      Assam       Jorhat Medical College And Hospital, Jor https://jorhatmedicalcollege.in
 76      West Bengal Bankura Sammilani Med Coll, Bankura      no reachable site among candidates
 77      Maharashtra Govt. Medical College And Hospital, Chan https://gmcchandrapur.org
 78 DOC! Jharkhand   Sheikh Bhikhari Medical College & Hospit https://hazaribagmedicalcollege.org
      hot [2025–26 mbbs admission list] https://hazaribagmedicalcollege.org/index.php/https-hmchazjha-nmcindia-ac-in/
      hot [College Information] https://hazaribagmedicalcollege.org/index.php/college-information/
      hot [Click here] https://hazaribagmedicalcollege.org/index.php/student-list/
      DOC {"url": "http://hazaribagmedicalcollege.org/wp-content/uploads/2026/01/MBBS-Admission-List-2025-26.pdf", "status": "OK", "kind": "pdf", "bytes": 905858, "name_header": true, "name_header_text": "Name of Student
      DOC {"url": "http://hazaribagmedicalcollege.org/wp-content/uploads/2026/01/Medical-Council-Of-India-2023-24-ADMISSION-LIST.pdf", "status": "OK", "kind": "pdf", "bytes": 1127358, "name_header": true, "name_header_te
      DOC {"url": "http://hazaribagmedicalcollege.org/wp-content/uploads/2022/05/Students-List-2021-22-1.pdf", "status": "OK", "kind": "pdf", "bytes": 1051860, "name_header": true, "name_header_text": "Name of Student", 
      DOC {"url": "http://hazaribagmedicalcollege.org/wp-content/uploads/2019/11/Student-List-2019.pdf", "status": "OK", "kind": "pdf", "bytes": 218878, "name_header": false, "name_header_text": "", "roster_rows_est": 14
 79 hot  Chhattisgar Lt. L A M Govt. Medical College, Raigarh https://gmcraigarh.edu.in
      hot [NMC Mandatory Disclosures] https://gmcraigarh.edu.in/nmcmandatory.php
 80      Maharashtra Government Medical College And District  https://gmcratnagiri.in
 81      Maharashtra Government Medical College And General H no reachable site among candidates
 82      Manipur     Regional Inst Of Medical Sci, Imphal     https://regionalmc.org
 83 hot  Maharashtra Government Medical College, Latur        https://mclatur.org
      hot [लातूर शहर महानगरपालिका लातूर - सरळ सेवा भरती १] https://mclatur.org/merit-list/
 84      Tripura     Agartala Govt. Medical College, Agartala no reachable site among candidates
 85      Odisha      Bhima Bhoi Medical College And Hospital, no reachable site among candidates
 86      Odisha      Pt. Raghunath Murmu Med. College, Baripa no reachable site among candidates
 87 DOC! Maharashtra Government Medical College, Bhandara     https://gmcbhandara.edu.in
      hot [Merit list of selected Senior Residents as per] https://gmcbhandara.edu.in/portfolio/merit-list-of-selected-senior-residents-as-per-advt
      DOC {"url": "https://gmcbhandara.edu.in/wp-content/uploads/2026/05/Merit-list-of-Senior-Resident-for-interview-conduted-on.pdf", "status": "no-text (pdf-image-or-empty)", "bytes": 365997}
 88      West Bengal Midnapore Medical College, Midnapur      no reachable site among candidates
 89      Maharashtra Shri Bhausaheb Hire Govt. M.C., Dhule    no reachable site among candidates
 90      Maharashtra Swami Ramanand Tirth Rural M.C, Ambajoga no reachable site among candidates
 91      Assam       Tezpur Medical College, Tezpur           no reachable site among candidates
 92      Chhattisgar Government Medical College, Kanker       https://gmckanker.in
 93      Maharashtra Government Medical College, Akola        https://akolamc.in
 94      Himachal Pr Pt. Jawahar Lal Nehru Govt. Med. College https://mcchamba.in
 95      Madhya Prad S.S. Medical College, Rewa               no reachable site among candidates
 96      Rajasthan   Govt Medical College                     no reachable site among candidates
 97      Rajasthan   Govt Medical College Barmer Rajasthan    https://rajasthanmc.in
 98      Bihar       Jawaharlal Nehru Medical College, Bhagal no reachable site among candidates
 99      Madhya Prad Atal Bihari Vajpayee Government Medical  no reachable site among candidates
100      Rajasthan   Government Medical College, Jhunjhunu    no reachable site among candidates
101      Rajasthan   Government Medical College Chittorgarh,  https://chittorgarhmc.com
102      Rajasthan   Gmc Dausa Rajasthan, Gmc Dausa Mitrapura no reachable site among candidates
103      Haryana     Shkm Gmc, Nalhar                         no reachable site among candidates
104      Uttarakhand Government Medical College, Haridwar     https://gmcharidwar.com
105      Madhya Prad Bundelkhand Medical College, Sagar       no reachable site among candidates
106      Rajasthan   Govt Medical College, Dungarpur          no reachable site among candidates
107      Uttarakhand Veer Chandra Singh Garhwali Govt. Instit no reachable site among candidates
108      Bihar       Sri Krishna Medical College, Muzaffarpur no reachable site among candidates
109 hot  Madhya Prad Govt Medical College Ratlam, Gram Banjal https://gmcratlam.org
      hot [Information under MSR clause B.1.11] https://gmcratlam.org/nmc.aspx
      hot [Student List] https://gmcratlam.org/student-section.aspx
110      Rajasthan   Govt. Medical College, Sirohi (Rajasthan https://rajasthanmc.in
111      Rajasthan   Government Medical College, Bundi        https://gmcbundi.in
112      Rajasthan   Government Medical College, Hanumangarh  no reachable site among candidates
113      Rajasthan   Government Medical College, Dholpur      no reachable site among candidates
114      Bihar       Anugrah Narayan Magadh Medical College,  no reachable site among candidates
115      Rajasthan   Gmc Karauli                              no reachable site among candidates
116      Madhya Prad Govt Medical College Shivpuri, Near Kath https://shivpurimedicalcollege.com
117      Uttar Prade Govt Medical College Badaun              no reachable site among candidates
118 hot  Jammu And K Govt. Medical College, Udhampur          https://gmcudhampur.in
      hot [Revised Merit List of Junior Residents.] https://gmcudhampur.in/pdf/Adobe Scan Apr 27, 2026 (2).compressed.pdf
      hot [Merit List (Junior Resident)..] https://gmcudhampur.in/pdf/Merit list of Junior Resident .compressed.pdf
      hot [NOTICE REGARDING QUERY RELATED TO THE MERIT LI] https://gmcudhampur.in/pdf/notice query non gazatted.pdf
      hot [MERIT LIST CODING CUM COMPUTER OPERATOR.] https://gmcudhampur.in/pdf/MERIT LIST CODING CUM COMPUTER OPERATOR.pdf
119      Bihar       Government Medical College Purnea        https://gmchpurnea.com
120      Rajasthan   Government Medical College, Sawai Madhop no reachable site among candidates
121      Rajasthan   Government Medical College, Banswara     no reachable site among candidates
122      Uttarakhand Soban Singh Jeena Government Institute O no reachable site among candidates
123 DOC! Jammu And K Government Medical College, Kathua       https://gmckathua.in
      hot [Commencement of Classes of newly admitted stud] https://gmckathua.in/pdf/Adobe Scan Dec 06, 2025 (1).pdf
      hot [Final Allotment list (First list) for allotmen] https://gmckathua.in/pdf/Order regarding allotment of Residential quarters (Non Gazetted
      hot [Notice regarding Hostel Application and Online] https://gmckathua.in/pdf/gmck10oct25.pdf
      hot [Provisional shortlist of candidates for admiss] https://gmckathua.in/pdf/GNMAdmissionList forleftoverseatscompressed.pdf
      DOC {"url": "https://gmckathua.in/pdf/gmck10oct25.pdf", "status": "OK", "kind": "pdf", "bytes": 689365, "name_header": false, "name_header_text": "", "roster_rows_est": 28, "mentions_AIQ": false, "mentions_state_qu
      DOC {"url": "https://gmckathua.in/pdf/gmck27nov21.pdf", "status": "OK", "kind": "pdf", "bytes": 128249, "name_header": false, "name_header_text": "", "roster_rows_est": 37, "mentions_AIQ": false, "mentions_state_qu
      DOC {"url": "https://gmckathua.in/pdf/gmckathua12thjan2021_1.pdf", "status": "no-text (pdf-image-or-empty)", "bytes": 92424}
124 hot  Madhya Prad Govt. Medical College, Khandwa           https://gmckhandwa.org
      hot [Student List] https://gmckhandwa.org/student-section.aspx
125 DOC! Jammu And K Government Medical College, Anantnag J&K https://gmcanantnag.ac.in
      hot [College information (Proforma)] https://gmcanantnag.ac.in/PDFs/NMC Proforma.pdf
      hot [Engagement of Selected Candidates as Technical] https://gmcanantnag.ac.in/files/view/Uploads%2FNotifications%2FUserType_1%2FCategory_1%2
      hot [Merit List of Candidates Appeared in the Writt] https://gmcanantnag.ac.in/files/view/Uploads%2FNotifications%2FUserType_1%2FCategory_1%2
      hot [Merit List of candidates appeared in the writt] https://gmcanantnag.ac.in/files/view/Uploads%2FNotifications%2FUserType_1%2FCategory_1%2
      DOC {"url": "https://gmcanantnag.ac.in/files/view/Uploads%2FNotifications%2FUserType_1%2FCategory_1%2F5258f6ec-5454-4d98-b5e9-09657182eac5.pdf", "status": "no-text (pdf-image-or-empty)", "bytes": 1879565}
      DOC {"url": "https://gmcanantnag.ac.in/files/view/Uploads%2FNotifications%2FUserType_1%2FCategory_1%2F894bbc8e-1015-498d-b185-d91783955e56.pdf", "status": "no-text (pdf-image-or-empty)", "bytes": 4720545}
      DOC {"url": "https://gmcanantnag.ac.in/files/view/Uploads%2FNotifications%2FUserType_1%2FCategory_1%2F57576267-3ce1-458c-a434-40a548df1b14.pdf", "status": "no-text (pdf-image-or-empty)", "bytes": 1087929}
      DOC {"url": "https://gmcanantnag.ac.in/files/view/Uploads%2FNotifications%2FUserType_1%2FCategory_1%2F49dcf7dd-623f-43f0-a46d-07648061dfb4.pdf", "status": "no-text (pdf-error:PSEOF)", "bytes": 16384}
      DOC {"url": "https://gmcanantnag.ac.in/files/view/Uploads%2FNotifications%2FUserType_1%2FCategory_1%2F36c9f6cf-2e63-4586-9f49-fec424cee451.pdf", "status": "no-text (pdf-image-or-empty)", "bytes": 3335482}
      DOC {"url": "https://gmcanantnag.ac.in/files/view/Uploads%2FNotifications%2FUserType_1%2FCategory_1%2F292ce3e8-fb6b-4b8c-a63f-e439bc70e441.pdf", "status": "no-text (pdf-error:PSEOF)", "bytes": 208896}
126      Rajasthan   Government Medical College, Baran        no reachable site among candidates
127      Jammu And K Government Medical College, Baramulla    https://gmcbaramulla.ac.in
128      Bihar       Goverment Medical College, Bettiah       https://gmcbettiah.org
129      Madhya Prad Virendra Kumar Sakhlecha Government Medi no reachable site among candidates
130      Madhya Prad Government Medical College Satna         no reachable site among candidates
131 DOC! Jammu And K Government Medical College, Anantnag     https://gmcanantnag.ac.in
      hot [College information (Proforma)] https://gmcanantnag.ac.in/PDFs/NMC Proforma.pdf
      hot [Engagement of Selected Candidates as Technical] https://gmcanantnag.ac.in/files/view/Uploads%2FNotifications%2FUserType_1%2FCategory_1%2
      hot [Merit List of Candidates Appeared in the Writt] https://gmcanantnag.ac.in/files/view/Uploads%2FNotifications%2FUserType_1%2FCategory_1%2
      hot [Merit List of candidates appeared in the writt] https://gmcanantnag.ac.in/files/view/Uploads%2FNotifications%2FUserType_1%2FCategory_1%2
      DOC {"url": "https://gmcanantnag.ac.in/files/view/Uploads%2FNotifications%2FUserType_1%2FCategory_1%2F5258f6ec-5454-4d98-b5e9-09657182eac5.pdf", "status": "no-text (pdf-image-or-empty)", "bytes": 1879565}
      DOC {"url": "https://gmcanantnag.ac.in/files/view/Uploads%2FNotifications%2FUserType_1%2FCategory_1%2F894bbc8e-1015-498d-b185-d91783955e56.pdf", "status": "no-text (pdf-image-or-empty)", "bytes": 4720545}
      DOC {"url": "https://gmcanantnag.ac.in/files/view/Uploads%2FNotifications%2FUserType_1%2FCategory_1%2F57576267-3ce1-458c-a434-40a548df1b14.pdf", "status": "no-text (pdf-error:PSEOF)", "bytes": 16384}
      DOC {"url": "https://gmcanantnag.ac.in/files/view/Uploads%2FNotifications%2FUserType_1%2FCategory_1%2F49dcf7dd-623f-43f0-a46d-07648061dfb4.pdf", "status": "OK", "kind": "pdf", "bytes": 992715, "name_header": false,
      DOC {"url": "https://gmcanantnag.ac.in/files/view/Uploads%2FNotifications%2FUserType_1%2FCategory_1%2F36c9f6cf-2e63-4586-9f49-fec424cee451.pdf", "status": "no-text (pdf-error:PSEOF)", "bytes": 81920}
      DOC {"url": "https://gmcanantnag.ac.in/files/view/Uploads%2FNotifications%2FUserType_1%2FCategory_1%2F292ce3e8-fb6b-4b8c-a63f-e439bc70e441.pdf", "status": "no-text (pdf-image-or-empty)", "bytes": 4378030}
132      Madhya Prad Government Medical College, Seoni        https://gmcseoni.org
133      Jammu And K Government Medical College, Doda         no reachable site among candidates
134      Madhya Prad Chhindwara Institute Of Medical Sciences no reachable site among candidates
135 DOC! Madhya Prad Goverment Medical College, Datia         https://datiamedicalcollege.com
      hot [Information under MSR clause B.1.11] https://datiamedicalcollege.edu.in/information-under-msr-clause-b-1-11/
      hot [GMC Datia Student list 2021] https://datiamedicalcollege.edu.in/2022/04/12/gmc-datia-student-list-2021/
      DOC {"url": "https://datiamedicalcollege.edu.in/wp-content/uploads/2026/06/Faculty-list-current.pdf", "status": "no-text (pdf-image-or-empty)", "bytes": 1619267}
      DOC {"url": "https://datiamedicalcollege.edu.in/wp-content/uploads/2026/06/list-of-publications-in-Ophthalmology-dept.pdf", "status": "no-text (pdf-image-or-empty)", "bytes": 1678415}
      DOC {"url": "https://datiamedicalcollege.edu.in/wp-content/uploads/2026/06/batch2025.pdf", "status": "OK", "kind": "pdf", "bytes": 199898, "name_header": true, "name_header_text": "Name of Student", "roster_rows_es
      DOC {"url": "https://datiamedicalcollege.edu.in/wp-content/uploads/2026/06/batch2023.pdf", "status": "OK", "kind": "pdf", "bytes": 594206, "name_header": true, "name_header_text": "Name of Student", "roster_rows_es
      DOC {"url": "https://datiamedicalcollege.edu.in/wp-content/uploads/2023/06/MBBS-Batch-2022.pdf", "status": "OK", "kind": "pdf", "bytes": 292242, "name_header": false, "name_header_text": "", "roster_rows_est": 201,
